<Root>
  <Map>
    <Width>8</Width>
    <Length>8</Length>
    <Tile_Size>20</Tile_Size>
    <Tile>
      <Position>
        <X>-80</X>
        <Y>-80</Y>
      </Position>
    </Tile>
    <Tile>
      <Position>
        <X>-60</X>
        <Y>-80</Y>
      </Position>
    </Tile>
    <Tile>
      <Position>
        <X>-40</X>
        <Y>-80</Y>
      </Position>
    </Tile>
    <Tile>
      <Position>
        <X>-20</X>
        <Y>-80</Y>
      </Position>
    </Tile>
    <Tile>
      <Position>
        <X>0</X>
        <Y>-80</Y>
      </Position>
    </Tile>
    <Tile>
      <Position>
        <X>20</X>
        <Y>-80</Y>
      </Position>
    </Tile>
    <Tile>
      <Position>
        <X>40</X>
        <Y>-80</Y>
      </Position>
    </Tile>
    <Tile>
      <Position>
        <X>60</X>
        <Y>-80</Y>
      </Position>
    </Tile>
    <Tile>
      <Position>
        <X>-80</X>
        <Y>-60</Y>
      </Position>
    </Tile>
    <Tile>
      <Position>
        <X>-60</X>
        <Y>-60</Y>
      </Position>
    </Tile>
    <Tile>
      <Position>
        <X>-40</X>
        <Y>-60</Y>
      </Position>
    </Tile>
    <Tile>
      <Position>
        <X>-20</X>
        <Y>-60</Y>
      </Position>
    </Tile>
    <Tile>
      <Position>
        <X>0</X>
        <Y>-60</Y>
      </Position>
    </Tile>
    <Tile>
      <Position>
        <X>20</X>
        <Y>-60</Y>
      </Position>
    </Tile>
    <Tile>
      <Position>
        <X>40</X>
        <Y>-60</Y>
      </Position>
    </Tile>
    <Tile>
      <Position>
        <X>60</X>
        <Y>-60</Y>
      </Position>
    </Tile>
    <Tile>
      <Position>
        <X>-80</X>
        <Y>-40</Y>
      </Position>
    </Tile>
    <Tile>
      <Position>
        <X>-60</X>
        <Y>-40</Y>
      </Position>
    </Tile>
    <Tile>
      <Position>
        <X>-40</X>
        <Y>-40</Y>
      </Position>
    </Tile>
    <Tile>
      <Position>
        <X>-20</X>
        <Y>-40</Y>
      </Position>
    </Tile>
    <Tile>
      <Position>
        <X>0</X>
        <Y>-40</Y>
      </Position>
    </Tile>
    <Tile>
      <Position>
        <X>20</X>
        <Y>-40</Y>
      </Position>
    </Tile>
    <Tile>
      <Position>
        <X>40</X>
        <Y>-40</Y>
      </Position>
    </Tile>
    <Tile>
      <Position>
        <X>60</X>
        <Y>-40</Y>
      </Position>
    </Tile>
    <Tile>
      <Position>
        <X>-80</X>
        <Y>-20</Y>
      </Position>
    </Tile>
    <Tile>
      <Position>
        <X>-60</X>
        <Y>-20</Y>
      </Position>
    </Tile>
    <Tile>
      <Position>
        <X>-40</X>
        <Y>-20</Y>
      </Position>
    </Tile>
    <Tile>
      <Position>
        <X>-20</X>
        <Y>-20</Y>
      </Position>
    </Tile>
    <Tile>
      <Position>
        <X>0</X>
        <Y>-20</Y>
      </Position>
    </Tile>
    <Tile>
      <Position>
        <X>20</X>
        <Y>-20</Y>
      </Position>
    </Tile>
    <Tile>
      <Position>
        <X>40</X>
        <Y>-20</Y>
      </Position>
    </Tile>
    <Tile>
      <Position>
        <X>60</X>
        <Y>-20</Y>
      </Position>
    </Tile>
    <Tile>
      <Position>
        <X>-80</X>
        <Y>0</Y>
      </Position>
    </Tile>
    <Tile>
      <Position>
        <X>-60</X>
        <Y>0</Y>
      </Position>
    </Tile>
    <Tile>
      <Position>
        <X>-40</X>
        <Y>0</Y>
      </Position>
    </Tile>
    <Tile>
      <Position>
        <X>-20</X>
        <Y>0</Y>
      </Position>
    </Tile>
    <Tile>
      <Position>
        <X>0</X>
        <Y>0</Y>
      </Position>
    </Tile>
    <Tile>
      <Position>
        <X>20</X>
        <Y>0</Y>
      </Position>
    </Tile>
    <Tile>
      <Position>
        <X>40</X>
        <Y>0</Y>
      </Position>
    </Tile>
    <Tile>
      <Position>
        <X>60</X>
        <Y>0</Y>
      </Position>
    </Tile>
    <Tile>
      <Position>
        <X>-80</X>
        <Y>20</Y>
      </Position>
    </Tile>
    <Tile>
      <Position>
        <X>-60</X>
        <Y>20</Y>
      </Position>
    </Tile>
    <Tile>
      <Position>
        <X>-40</X>
        <Y>20</Y>
      </Position>
    </Tile>
    <Tile>
      <Position>
        <X>-20</X>
        <Y>20</Y>
      </Position>
    </Tile>
    <Tile>
      <Position>
        <X>0</X>
        <Y>20</Y>
      </Position>
    </Tile>
    <Tile>
      <Position>
        <X>20</X>
        <Y>20</Y>
      </Position>
    </Tile>
    <Tile>
      <Position>
        <X>40</X>
        <Y>20</Y>
      </Position>
    </Tile>
    <Tile>
      <Position>
        <X>60</X>
        <Y>20</Y>
      </Position>
    </Tile>
    <Tile>
      <Position>
        <X>-80</X>
        <Y>40</Y>
      </Position>
    </Tile>
    <Tile>
      <Position>
        <X>-60</X>
        <Y>40</Y>
      </Position>
    </Tile>
    <Tile>
      <Position>
        <X>-40</X>
        <Y>40</Y>
      </Position>
    </Tile>
    <Tile>
      <Position>
        <X>-20</X>
        <Y>40</Y>
      </Position>
    </Tile>
    <Tile>
      <Position>
        <X>0</X>
        <Y>40</Y>
      </Position>
    </Tile>
    <Tile>
      <Position>
        <X>20</X>
        <Y>40</Y>
      </Position>
    </Tile>
    <Tile>
      <Position>
        <X>40</X>
        <Y>40</Y>
      </Position>
    </Tile>
    <Tile>
      <Position>
        <X>60</X>
        <Y>40</Y>
      </Position>
    </Tile>
    <Tile>
      <Position>
        <X>-80</X>
        <Y>60</Y>
      </Position>
    </Tile>
    <Tile>
      <Position>
        <X>-60</X>
        <Y>60</Y>
      </Position>
    </Tile>
    <Tile>
      <Position>
        <X>-40</X>
        <Y>60</Y>
      </Position>
    </Tile>
    <Tile>
      <Position>
        <X>-20</X>
        <Y>60</Y>
      </Position>
    </Tile>
    <Tile>
      <Position>
        <X>0</X>
        <Y>60</Y>
      </Position>
    </Tile>
    <Tile>
      <Position>
        <X>20</X>
        <Y>60</Y>
      </Position>
    </Tile>
    <Tile>
      <Position>
        <X>40</X>
        <Y>60</Y>
      </Position>
    </Tile>
    <Tile>
      <Position>
        <X>60</X>
        <Y>60</Y>
      </Position>
    </Tile>
  </Map>
</Root>